---
source: src/feeds/atom.rs
expression: result
---
[
    Post {
        id: -1,
        unique_id: "tag:github.com,2008:Repository/54168759/v0.3.14",
        link: "https://github.com/SergioBenitez/Rocket/releases/tag/v0.3.14",
        title: "Rocket v0.3.14",
        date: 2018-06-23T06:39:06Z,
        summary: None,
        content: Some(
            "<p>See the <a href=\"https://github.com/SergioBenitez/Rocket/blob/v0.3.14/CHANGELOG.md\" rel=\"noopener noreferrer\">CHANGELOG</a> for more information.</p>",
        ),
        media_type: None,
        media_link: None,
        comments_link: None,
    },
    Post {
        id: -1,
        unique_id: "tag:github.com,2008:Repository/54168759/v0.3.15",
        link: "https://github.com/SergioBenitez/Rocket/releases/tag/v0.3.15",
        title: "Rocket v0.3.15",
        date: 2018-07-16T08:23:30Z,
        summary: None,
        content: Some(
            "<p>See the <a href=\"https://github.com/SergioBenitez/Rocket/blob/v0.3.15/CHANGELOG.md\" rel=\"noopener noreferrer\">CHANGELOG</a> for more information.</p>",
        ),
        media_type: None,
        media_link: None,
        comments_link: None,
    },
    Post {
        id: -1,
        unique_id: "tag:github.com,2008:Repository/54168759/v0.3.16",
        link: "https://github.com/SergioBenitez/Rocket/releases/tag/v0.3.16",
        title: "Rocket v0.3.16",
        date: 2018-08-24T07:33:16Z,
        summary: None,
        content: Some(
            "<p>See the <a href=\"https://github.com/SergioBenitez/Rocket/blob/v0.3.16/CHANGELOG.md\" rel=\"noopener noreferrer\">CHANGELOG</a> for more information.</p>",
        ),
        media_type: None,
        media_link: None,
        comments_link: None,
    },
    Post {
        id: -1,
        unique_id: "tag:github.com,2008:Repository/54168759/v0.3.17",
        link: "https://github.com/SergioBenitez/Rocket/releases/tag/v0.3.17",
        title: "Rocket v0.3.17",
        date: 2018-09-30T01:05:28Z,
        summary: None,
        content: Some(
            "<p>See the <a href=\"https://github.com/SergioBenitez/Rocket/blob/v0.3.17/CHANGELOG.md\" rel=\"noopener noreferrer\">CHANGELOG</a> for more information.</p>",
        ),
        media_type: None,
        media_link: None,
        comments_link: None,
    },
    Post {
        id: -1,
        unique_id: "tag:github.com,2008:Repository/54168759/v0.4.0-rc.1",
        link: "https://github.com/SergioBenitez/Rocket/releases/tag/v0.4.0-rc.1",
        title: "Rocket v0.4-rc.1",
        date: 2018-10-31T22:09:18Z,
        summary: None,
        content: Some(
            "<p>See the <a href=\"https://github.com/SergioBenitez/Rocket/blob/v0.4.0-rc.1/CHANGELOG.md\" rel=\"noopener noreferrer\">CHANGELOG</a> and <a href=\"https://rocket.rs/v0.4/news/2018-10-31-version-0.4-rc/\" rel=\"noopener noreferrer\">news article</a> for more information.</p>",
        ),
        media_type: None,
        media_link: None,
        comments_link: None,
    },
    Post {
        id: -1,
        unique_id: "tag:github.com,2008:Repository/54168759/v0.4.0-rc.2",
        link: "https://github.com/SergioBenitez/Rocket/releases/tag/v0.4.0-rc.2",
        title: "Rocket v0.4-rc.2",
        date: 2018-12-01T05:25:08Z,
        summary: None,
        content: Some(
            "<p>See the <a href=\"https://github.com/SergioBenitez/Rocket/blob/v0.4.0-rc.2/CHANGELOG.md\" rel=\"noopener noreferrer\">CHANGELOG</a> and <a href=\"https://rocket.rs/v0.4/news/2018-11-30-version-0.4-rc-2/\" rel=\"noopener noreferrer\">news article</a> for more information.</p>",
        ),
        media_type: None,
        media_link: None,
        comments_link: None,
    },
    Post {
        id: -1,
        unique_id: "tag:github.com,2008:Repository/54168759/v0.4.0",
        link: "https://github.com/SergioBenitez/Rocket/releases/tag/v0.4.0",
        title: "Rocket v0.4.0",
        date: 2018-12-08T16:50:40Z,
        summary: None,
        content: Some(
            "<p>See the <a href=\"https://github.com/SergioBenitez/Rocket/blob/v0.4.0/CHANGELOG.md\" rel=\"noopener noreferrer\">CHANGELOG</a> and <a href=\"https://rocket.rs/v0.4/news/2018-12-08-version-0.4/\" rel=\"noopener noreferrer\">news article</a> for more information.</p>",
        ),
        media_type: None,
        media_link: None,
        comments_link: None,
    },
    Post {
        id: -1,
        unique_id: "tag:github.com,2008:Repository/54168759/v0.4.1",
        link: "https://github.com/SergioBenitez/Rocket/releases/tag/v0.4.1",
        title: "Rocket v0.4.1",
        date: 2019-05-11T23:56:52Z,
        summary: None,
        content: Some(
            "<p>See the <a href=\"https://github.com/SergioBenitez/Rocket/blob/v0.4.1/CHANGELOG.md\" rel=\"noopener noreferrer\">CHANGELOG</a> for more information.</p>",
        ),
        media_type: None,
        media_link: None,
        comments_link: None,
    },
    Post {
        id: -1,
        unique_id: "tag:github.com,2008:Repository/54168759/v0.4.2",
        link: "https://github.com/SergioBenitez/Rocket/releases/tag/v0.4.2",
        title: "Rocket v0.4.2",
        date: 2019-06-29T01:26:16Z,
        summary: None,
        content: Some(
            "<p>See the <a href=\"https://github.com/SergioBenitez/Rocket/blob/v0.4.2/CHANGELOG.md\" rel=\"noopener noreferrer\">CHANGELOG</a> for more information.</p>",
        ),
        media_type: None,
        media_link: None,
        comments_link: None,
    },
    Post {
        id: -1,
        unique_id: "tag:github.com,2008:Repository/54168759/async-pre-rebase3",
        link: "https://github.com/SergioBenitez/Rocket/releases/tag/async-pre-rebase3",
        title: "async-pre-rebase3",
        date: 2019-12-11T03:17:37Z,
        summary: None,
        content: Some(
            "<p>Revert on_response lifetimes to more closely match 0.4.</p>",
        ),
        media_type: None,
        media_link: None,
        comments_link: None,
    },
]
