---
source: tests/it_api.rs
expression: response.json_entity()
---
[
  "200 OK",
  {
    "payload": [
      {
        "category_id": 1,
        "comments_link": "https://news.ycombinator.com/item?id=21737696",
        "date": "2019-12-08T19:31:13",
        "feed_id": 1,
        "feed_title": "Hacker News",
        "id": 1,
        "is_read": false,
        "is_read_later": true,
        "link": "https://modsandmembersblog.wordpress.com/2019/12/08/verizon-yahoo-bad-form/",
        "media_link": null,
        "summary": "Comments",
        "title": "Verizon/Yahoo Blocking Attempts to Archive Yahoo Groups – Deletion: Dec. 14"
      },
      {
        "category_id": 1,
        "comments_link": "https://news.ycombinator.com/item?id=21741504",
        "date": "2019-12-09T10:05:26",
        "feed_id": 1,
        "feed_title": "Hacker News",
        "id": 2,
        "is_read": false,
        "is_read_later": true,
        "link": "https://www.vitavonni.de/blog/201503/2015031201-the-sad-state-of-sysadmin-in-the-age-of-containers.html",
        "media_link": null,
        "summary": "Comments",
        "title": "The sad state of sysadmin in the age of containers (2015)"
      },
      {
        "category_id": 1,
        "comments_link": "https://news.ycombinator.com/item?id=21734605",
        "date": "2019-12-08T06:21:34",
        "feed_id": 1,
        "feed_title": "Hacker News",
        "id": 3,
        "is_read": false,
        "is_read_later": true,
        "link": "https://www.tmakiguchi.org/geographer/asgeographer/geographyhuman.html",
        "media_link": null,
        "summary": "Comments",
        "title": "Tsunebaro Makaguchi – Education Through Interest"
      }
    ],
    "status": "ok"
  }
]
