---
source: tests/it_api.rs
expression: response.json_entity()
---
[
  "200 OK",
  {
    "payload": [
      {
        "category_id": 1,
        "comments_link": "https://news.ycombinator.com/item?id=21721208",
        "date": "2019-12-06T12:33:52",
        "feed_id": 1,
        "feed_title": "Hacker News",
        "id": 22,
        "is_read": false,
        "is_read_later": false,
        "link": "http://edition.cnn.com/style/article/ice-stupa-sonam-wangchuk/index.html",
        "media_link": null,
        "summary": "<a href=\"https://news.ycombinator.com/item?id=21721208\">Comments</a>",
        "title": "An artificial glacier growing in the desert (2017)"
      },
      {
        "category_id": 1,
        "comments_link": "https://news.ycombinator.com/item?id=21742898",
        "date": "2019-12-09T14:27:35",
        "feed_id": 1,
        "feed_title": "Hacker News",
        "id": 2,
        "is_read": false,
        "is_read_later": true,
        "link": "http://gocheese.cypherpunks.ru/",
        "media_link": null,
        "summary": "<a href=\"https://news.ycombinator.com/item?id=21742898\">Comments</a>",
        "title": "Show HN: GoCheese: Python private package repository and caching proxy"
      },
      {
        "category_id": 1,
        "comments_link": "https://news.ycombinator.com/item?id=21739519",
        "date": "2019-12-09T00:29:03",
        "feed_id": 1,
        "feed_title": "Hacker News",
        "id": 4,
        "is_read": false,
        "is_read_later": false,
        "link": "http://jpkoning.blogspot.com/2019/12/a-way-to-make-anonymous-online-donations.html",
        "media_link": null,
        "summary": "<a href=\"https://news.ycombinator.com/item?id=21739519\">Comments</a>",
        "title": "A way to make anonymous online donations"
      },
      {
        "category_id": 1,
        "comments_link": "https://news.ycombinator.com/item?id=21744785",
        "date": "2019-12-09T18:00:56",
        "feed_id": 1,
        "feed_title": "Hacker News",
        "id": 15,
        "is_read": false,
        "is_read_later": false,
        "link": "http://scholar.harvard.edu/files/mickens/files/towashitallaway.pdf",
        "media_link": null,
        "summary": "<a href=\"https://news.ycombinator.com/item?id=21744785\">Comments</a>",
        "title": "To Wash It All Away (The Modern State of Front End Web) [pdf]"
      },
      {
        "category_id": 1,
        "comments_link": "https://news.ycombinator.com/item?id=21744738",
        "date": "2019-12-09T17:55:05",
        "feed_id": 1,
        "feed_title": "Hacker News",
        "id": 20,
        "is_read": false,
        "is_read_later": false,
        "link": "https://academic.oup.com/biostatistics/advance-article/doi/10.1093/biostatistics/kxz040/5631851",
        "media_link": null,
        "summary": "<a href=\"https://news.ycombinator.com/item?id=21744738\">Comments</a>",
        "title": "Teaching yourself about structural racism will improve your machine learning"
      },
      {
        "category_id": 1,
        "comments_link": "https://news.ycombinator.com/item?id=21735538",
        "date": "2019-12-08T12:18:51",
        "feed_id": 1,
        "feed_title": "Hacker News",
        "id": 17,
        "is_read": false,
        "is_read_later": false,
        "link": "https://arstechnica.com/information-technology/2019/12/north-koreas-lazarus-hackers-up-their-game-with-fileless-mac-malware/",
        "media_link": null,
        "summary": "<a href=\"https://news.ycombinator.com/item?id=21735538\">Comments</a>",
        "title": "Newly discovered Mac malware uses “fileless” technique to remain stealthy"
      },
      {
        "category_id": 1,
        "comments_link": "https://news.ycombinator.com/item?id=21744774",
        "date": "2019-12-09T17:59:42",
        "feed_id": 1,
        "feed_title": "Hacker News",
        "id": 23,
        "is_read": false,
        "is_read_later": false,
        "link": "https://bookmarkos.com/every-bookmark-manager-ever-made/",
        "media_link": null,
        "summary": "<a href=\"https://news.ycombinator.com/item?id=21744774\">Comments</a>",
        "title": "Every bookmark manager ever made"
      },
      {
        "category_id": 1,
        "comments_link": "https://news.ycombinator.com/item?id=21741133",
        "date": "2019-12-09T08:21:03",
        "feed_id": 1,
        "feed_title": "Hacker News",
        "id": 18,
        "is_read": false,
        "is_read_later": false,
        "link": "https://git.kernel.org/pub/scm/linux/kernel/git/netdev/net-next.git/commit/?id=e7096c131e5161fa3b8e52a650d7719d2857adfd",
        "media_link": null,
        "summary": "<a href=\"https://news.ycombinator.com/item?id=21741133\">Comments</a>",
        "title": "WireGuard VPN is in net-next"
      },
      {
        "category_id": 1,
        "comments_link": "https://news.ycombinator.com/item?id=21741991",
        "date": "2019-12-09T12:18:47",
        "feed_id": 1,
        "feed_title": "Hacker News",
        "id": 8,
        "is_read": false,
        "is_read_later": false,
        "link": "https://github.com/Risk3sixty-Labs/geoapi",
        "media_link": null,
        "summary": "<a href=\"https://news.ycombinator.com/item?id=21741991\">Comments</a>",
        "title": "Show HN: Tiny, fast, and free API to geolocate IP addresses"
      },
      {
        "category_id": 1,
        "comments_link": "https://news.ycombinator.com/item?id=21744910",
        "date": "2019-12-09T18:17:45",
        "feed_id": 1,
        "feed_title": "Hacker News",
        "id": 21,
        "is_read": false,
        "is_read_later": false,
        "link": "https://github.com/go101/go101/wiki/The-main-sell-point-of-Go-is-not-simplicity,-but-overall-balance-and-flexibility",
        "media_link": null,
        "summary": "<a href=\"https://news.ycombinator.com/item?id=21744910\">Comments</a>",
        "title": "The main sell point of Go is not simplicity, but overall balance and flexibility"
      },
      {
        "category_id": 1,
        "comments_link": "https://news.ycombinator.com/item?id=21742222",
        "date": "2019-12-09T13:06:35",
        "feed_id": 1,
        "feed_title": "Hacker News",
        "id": 16,
        "is_read": false,
        "is_read_later": false,
        "link": "https://github.com/infostreams/db",
        "media_link": null,
        "summary": "<a href=\"https://news.ycombinator.com/item?id=21742222\">Comments</a>",
        "title": "Show HN: Version Control for Databases"
      },
      {
        "category_id": 1,
        "comments_link": "https://news.ycombinator.com/item?id=21743950",
        "date": "2019-12-09T16:32:26",
        "feed_id": 1,
        "feed_title": "Hacker News",
        "id": 29,
        "is_read": false,
        "is_read_later": false,
        "link": "https://heartbeat.fritz.ai/2019s-top-machine-and-deep-learning-research-papers-1ec363f29e85",
        "media_link": null,
        "summary": "<a href=\"https://news.ycombinator.com/item?id=21743950\">Comments</a>",
        "title": "2019’s Top Machine and Deep Learning Research Papers"
      },
      {
        "category_id": 1,
        "comments_link": "https://news.ycombinator.com/item?id=21743513",
        "date": "2019-12-09T15:41:11",
        "feed_id": 1,
        "feed_title": "Hacker News",
        "id": 1,
        "is_read": false,
        "is_read_later": true,
        "link": "https://jamesmunns.com/blog/fmt-unreasonably-expensive/",
        "media_link": null,
        "summary": "<a href=\"https://news.ycombinator.com/item?id=21743513\">Comments</a>",
        "title": "Formatting Is Unreasonably Expensive for Embedded Rust"
      },
      {
        "category_id": 1,
        "comments_link": "https://news.ycombinator.com/item?id=21743256",
        "date": "2019-12-09T15:11:56",
        "feed_id": 1,
        "feed_title": "Hacker News",
        "id": 10,
        "is_read": false,
        "is_read_later": false,
        "link": "https://onezero.medium.com/900-000-americans-tell-google-they-want-to-try-buy-or-quit-heroin-every-year-48f725ee5db9",
        "media_link": null,
        "summary": "<a href=\"https://news.ycombinator.com/item?id=21743256\">Comments</a>",
        "title": "A Man Using Google Ad Data to Help Heroin Users"
      },
      {
        "category_id": 1,
        "comments_link": "https://news.ycombinator.com/item?id=21744308",
        "date": "2019-12-09T17:14:10",
        "feed_id": 1,
        "feed_title": "Hacker News",
        "id": 6,
        "is_read": false,
        "is_read_later": false,
        "link": "https://opmaak.co/blog/brands-going-back-to-vintage-logos",
        "media_link": null,
        "summary": "<a href=\"https://news.ycombinator.com/item?id=21744308\">Comments</a>",
        "title": "Modern Brands Going Back to Their Vintage Logos"
      },
      {
        "category_id": 1,
        "comments_link": "https://news.ycombinator.com/item?id=21734981",
        "date": "2019-12-08T08:52:11",
        "feed_id": 1,
        "feed_title": "Hacker News",
        "id": 7,
        "is_read": false,
        "is_read_later": false,
        "link": "https://pypi.org/project/pyFileFixity/",
        "media_link": null,
        "summary": "<a href=\"https://news.ycombinator.com/item?id=21734981\">Comments</a>",
        "title": "PyFileFixity: Helping long term storage of data via redundant ECCs"
      },
      {
        "category_id": 1,
        "comments_link": "https://news.ycombinator.com/item?id=21743100",
        "date": "2019-12-09T14:53:02",
        "feed_id": 1,
        "feed_title": "Hacker News",
        "id": 19,
        "is_read": false,
        "is_read_later": false,
        "link": "https://queue.acm.org/detail.cfm?id=3341158",
        "media_link": null,
        "summary": "<a href=\"https://news.ycombinator.com/item?id=21743100\">Comments</a>",
        "title": "Must and Must Not (On Software Documentation)"
      },
      {
        "category_id": 1,
        "comments_link": "https://news.ycombinator.com/item?id=21743424",
        "date": "2019-12-09T15:30:35",
        "feed_id": 1,
        "feed_title": "Hacker News",
        "id": 30,
        "is_read": false,
        "is_read_later": false,
        "link": "https://randomascii.wordpress.com/2019/12/08/on2-again-now-in-wmi/",
        "media_link": null,
        "summary": "<a href=\"https://news.ycombinator.com/item?id=21743424\">Comments</a>",
        "title": "O(n^2), again, now in Windows Management Instrumentation"
      },
      {
        "category_id": 1,
        "comments_link": "https://news.ycombinator.com/item?id=21744274",
        "date": "2019-12-09T17:10:11",
        "feed_id": 1,
        "feed_title": "Hacker News",
        "id": 25,
        "is_read": false,
        "is_read_later": false,
        "link": "https://signal.org/blog/signal-private-group-system/",
        "media_link": null,
        "summary": "<a href=\"https://news.ycombinator.com/item?id=21744274\">Comments</a>",
        "title": "Technology Preview: Signal Private Group System"
      },
      {
        "category_id": 1,
        "comments_link": "https://news.ycombinator.com/item?id=21742553",
        "date": "2019-12-09T13:47:38",
        "feed_id": 1,
        "feed_title": "Hacker News",
        "id": 13,
        "is_read": false,
        "is_read_later": false,
        "link": "https://tedium.co/2019/12/05/telephone-caller-id-history/",
        "media_link": null,
        "summary": "<a href=\"https://news.ycombinator.com/item?id=21742553\">Comments</a>",
        "title": "Over the past 35 years, views on privacy and Caller ID have flipped"
      },
      {
        "category_id": 1,
        "comments_link": "https://news.ycombinator.com/item?id=21741668",
        "date": "2019-12-09T10:51:19",
        "feed_id": 1,
        "feed_title": "Hacker News",
        "id": 3,
        "is_read": false,
        "is_read_later": true,
        "link": "https://thecloud.christmas/2019/9",
        "media_link": null,
        "summary": "<a href=\"https://news.ycombinator.com/item?id=21741668\">Comments</a>",
        "title": "Serverless Development with Serverless Framework"
      },
      {
        "category_id": 1,
        "comments_link": "https://news.ycombinator.com/item?id=21743696",
        "date": "2019-12-09T15:59:55",
        "feed_id": 1,
        "feed_title": "Hacker News",
        "id": 26,
        "is_read": false,
        "is_read_later": false,
        "link": "https://web.archive.org/web/20030812081713/http://klausler.com/cnotes.txt",
        "media_link": null,
        "summary": "<a href=\"https://news.ycombinator.com/item?id=21743696\">Comments</a>",
        "title": "Some things every C programmer should know about C (2002)"
      },
      {
        "category_id": 1,
        "comments_link": "https://news.ycombinator.com/item?id=21742702",
        "date": "2019-12-09T14:05:49",
        "feed_id": 1,
        "feed_title": "Hacker News",
        "id": 24,
        "is_read": false,
        "is_read_later": false,
        "link": "https://www.bloomberg.com/news/articles/2019-12-08/repo-blowup-was-fueled-by-big-banks-and-hedge-funds-bis-says",
        "media_link": null,
        "summary": "<a href=\"https://news.ycombinator.com/item?id=21742702\">Comments</a>",
        "title": "Repo Blowup Was Fueled by Big Banks and Hedge Funds, BIS Says"
      },
      {
        "category_id": 1,
        "comments_link": "https://news.ycombinator.com/item?id=21741834",
        "date": "2019-12-09T11:35:24",
        "feed_id": 1,
        "feed_title": "Hacker News",
        "id": 9,
        "is_read": false,
        "is_read_later": false,
        "link": "https://www.brothers-brick.com/2019/12/06/this-fan-created-the-ultimate-lego-brick-sorting-machine-powered-by-ai-exclusive-feature/",
        "media_link": null,
        "summary": "<a href=\"https://news.ycombinator.com/item?id=21741834\">Comments</a>",
        "title": "AI-powered Lego sorting machine built with Lego bricks"
      },
      {
        "category_id": 1,
        "comments_link": "https://news.ycombinator.com/item?id=21742978",
        "date": "2019-12-09T14:38:39",
        "feed_id": 1,
        "feed_title": "Hacker News",
        "id": 11,
        "is_read": false,
        "is_read_later": false,
        "link": "https://www.jefftk.com/p/long-bets-by-confidence-level",
        "media_link": null,
        "summary": "<a href=\"https://news.ycombinator.com/item?id=21742978\">Comments</a>",
        "title": "Long Bets by Confidence Level"
      },
      {
        "category_id": 1,
        "comments_link": "https://news.ycombinator.com/item?id=21742731",
        "date": "2019-12-09T14:10:09",
        "feed_id": 1,
        "feed_title": "Hacker News",
        "id": 5,
        "is_read": false,
        "is_read_later": false,
        "link": "https://www.nytimes.com/2019/12/09/business/paul-a-volcker-dead.html",
        "media_link": null,
        "summary": "<a href=\"https://news.ycombinator.com/item?id=21742731\">Comments</a>",
        "title": "Paul A. Volcker, Fed Chairman Who Waged War on Inflation, Is Dead at 92"
      },
      {
        "category_id": 1,
        "comments_link": "https://news.ycombinator.com/item?id=21743847",
        "date": "2019-12-09T16:20:49",
        "feed_id": 1,
        "feed_title": "Hacker News",
        "id": 27,
        "is_read": false,
        "is_read_later": false,
        "link": "https://www.quantamagazine.org/how-simple-rules-bootstrap-the-laws-of-physics-20191209/",
        "media_link": null,
        "summary": "<a href=\"https://news.ycombinator.com/item?id=21743847\">Comments</a>",
        "title": "Why the Laws of Physics Are Inevitable"
      },
      {
        "category_id": 1,
        "comments_link": "https://news.ycombinator.com/item?id=21742739",
        "date": "2019-12-09T14:11:22",
        "feed_id": 1,
        "feed_title": "Hacker News",
        "id": 28,
        "is_read": false,
        "is_read_later": false,
        "link": "https://www.sametab.com/blog/operations-and-internal-communication-strategies-for-effective-ceos",
        "media_link": null,
        "summary": "<a href=\"https://news.ycombinator.com/item?id=21742739\">Comments</a>",
        "title": "Operations for Effective CEOs"
      },
      {
        "category_id": 1,
        "comments_link": "https://news.ycombinator.com/item?id=21734605",
        "date": "2019-12-08T06:21:34",
        "feed_id": 1,
        "feed_title": "Hacker News",
        "id": 12,
        "is_read": false,
        "is_read_later": false,
        "link": "https://www.tmakiguchi.org/geographer/asgeographer/geographyhuman.html",
        "media_link": null,
        "summary": "<a href=\"https://news.ycombinator.com/item?id=21734605\">Comments</a>",
        "title": "Tsunebaro Makaguchi – Education Through Interest"
      },
      {
        "category_id": 1,
        "comments_link": "https://news.ycombinator.com/item?id=21741504",
        "date": "2019-12-09T10:05:26",
        "feed_id": 1,
        "feed_title": "Hacker News",
        "id": 14,
        "is_read": false,
        "is_read_later": false,
        "link": "https://www.vitavonni.de/blog/201503/2015031201-the-sad-state-of-sysadmin-in-the-age-of-containers.html",
        "media_link": null,
        "summary": "<a href=\"https://news.ycombinator.com/item?id=21741504\">Comments</a>",
        "title": "The sad state of sysadmin in the age of containers (2015)"
      }
    ],
    "status": "ok"
  }
]
