---
source: tests/it_feeds.rs
expression: "conn.find_posts(USER_ID, None, None, None, None,\n                Some(RSS_HACKER_NEWS_ID)).unwrap()"
---
{
  "has_next_page": false,
  "items": [
    {
      "id": 30,
      "category_id": 1,
      "feed_id": 1,
      "feed_title": "Hacker News",
      "is_read": false,
      "read_date": null,
      "is_read_later": false,
      "link": "https://blog.cynthia.re/post/nintendo-switch-ethernet-switch",
      "title": "The Nintendo Switch Switch",
      "date": "2019-12-09T19:46:52Z",
      "summary": "Comments",
      "media_link": null,
      "comments_link": "https://news.ycombinator.com/item?id=21745731"
    },
    {
      "id": 29,
      "category_id": 1,
      "feed_id": 1,
      "feed_title": "Hacker News",
      "is_read": false,
      "read_date": null,
      "is_read_later": false,
      "link": "https://en.wikipedia.org/wiki/Transputer",
      "title": "Transputer",
      "date": "2019-12-09T21:22:57Z",
      "summary": "Comments",
      "media_link": null,
      "comments_link": "https://news.ycombinator.com/item?id=21746739"
    },
    {
      "id": 28,
      "category_id": 1,
      "feed_id": 1,
      "feed_title": "Hacker News",
      "is_read": false,
      "read_date": null,
      "is_read_later": false,
      "link": "https://randomascii.wordpress.com/2019/12/08/on2-again-now-in-wmi/",
      "title": "O(n^2), again, now in Windows Management Instrumentation",
      "date": "2019-12-09T15:30:35Z",
      "summary": "Comments",
      "media_link": null,
      "comments_link": "https://news.ycombinator.com/item?id=21743424"
    },
    {
      "id": 27,
      "category_id": 1,
      "feed_id": 1,
      "feed_title": "Hacker News",
      "is_read": false,
      "read_date": null,
      "is_read_later": false,
      "link": "https://www.wsj.com/articles/american-factories-demand-white-collar-education-for-blue-collar-work-11575907185",
      "title": "College-educated workers are taking over the American factory floor",
      "date": "2019-12-09T19:43:30Z",
      "summary": "Comments",
      "media_link": null,
      "comments_link": "https://news.ycombinator.com/item?id=21745704"
    },
    {
      "id": 26,
      "category_id": 1,
      "feed_id": 1,
      "feed_title": "Hacker News",
      "is_read": false,
      "read_date": null,
      "is_read_later": false,
      "link": "https://www.nytimes.com/2019/12/08/obituaries/caroll-spinney-dead.html",
      "title": "Caroll Spinney has died",
      "date": "2019-12-08T19:31:16Z",
      "summary": "Comments",
      "media_link": null,
      "comments_link": "https://news.ycombinator.com/item?id=21737697"
    },
    {
      "id": 25,
      "category_id": 1,
      "feed_id": 1,
      "feed_title": "Hacker News",
      "is_read": false,
      "read_date": null,
      "is_read_later": false,
      "link": "https://signal.org/blog/signal-private-group-system/",
      "title": "Technology Preview: Signal Private Group System",
      "date": "2019-12-09T17:10:11Z",
      "summary": "Comments",
      "media_link": null,
      "comments_link": "https://news.ycombinator.com/item?id=21744274"
    },
    {
      "id": 24,
      "category_id": 1,
      "feed_id": 1,
      "feed_title": "Hacker News",
      "is_read": false,
      "read_date": null,
      "is_read_later": false,
      "link": "https://www.sametab.com/blog/operations-and-internal-communication-strategies-for-effective-ceos",
      "title": "Operations for Effective CEOs",
      "date": "2019-12-09T14:11:22Z",
      "summary": "Comments",
      "media_link": null,
      "comments_link": "https://news.ycombinator.com/item?id=21742739"
    },
    {
      "id": 23,
      "category_id": 1,
      "feed_id": 1,
      "feed_title": "Hacker News",
      "is_read": false,
      "read_date": null,
      "is_read_later": false,
      "link": "https://www.wsj.com/articles/if-bitcoin-looks-like-it-isnt-trading-its-because-it-isnt-11575637204",
      "title": "If Bitcoin Looks Like It Isn’t Trading, It’s Because It Isn’t",
      "date": "2019-12-09T21:06:13Z",
      "summary": "Comments",
      "media_link": null,
      "comments_link": "https://news.ycombinator.com/item?id=21746582"
    },
    {
      "id": 22,
      "category_id": 1,
      "feed_id": 1,
      "feed_title": "Hacker News",
      "is_read": false,
      "read_date": null,
      "is_read_later": false,
      "link": "https://www.quantamagazine.org/how-simple-rules-bootstrap-the-laws-of-physics-20191209/",
      "title": "Simple Rules ‘Bootstrap’ the Laws of Physics",
      "date": "2019-12-09T16:20:49Z",
      "summary": "Comments",
      "media_link": null,
      "comments_link": "https://news.ycombinator.com/item?id=21743847"
    },
    {
      "id": 21,
      "category_id": 1,
      "feed_id": 1,
      "feed_title": "Hacker News",
      "is_read": false,
      "read_date": null,
      "is_read_later": false,
      "link": "https://web.archive.org/web/20030812081713/http://klausler.com/cnotes.txt",
      "title": "Some things every C programmer should know about C (2002)",
      "date": "2019-12-09T15:59:55Z",
      "summary": "Comments",
      "media_link": null,
      "comments_link": "https://news.ycombinator.com/item?id=21743696"
    },
    {
      "id": 20,
      "category_id": 1,
      "feed_id": 1,
      "feed_title": "Hacker News",
      "is_read": false,
      "read_date": null,
      "is_read_later": false,
      "link": "https://emacsair.me/2017/09/01/magit-walk-through/",
      "title": "A walk through the Magit interface",
      "date": "2019-12-07T10:55:30Z",
      "summary": "Comments",
      "media_link": null,
      "comments_link": "https://news.ycombinator.com/item?id=21729597"
    },
    {
      "id": 19,
      "category_id": 1,
      "feed_id": 1,
      "feed_title": "Hacker News",
      "is_read": false,
      "read_date": null,
      "is_read_later": false,
      "link": "http://scholar.harvard.edu/files/mickens/files/towashitallaway.pdf",
      "title": "To Wash It All Away (2014) [pdf]",
      "date": "2019-12-09T18:00:56Z",
      "summary": "Comments",
      "media_link": null,
      "comments_link": "https://news.ycombinator.com/item?id=21744785"
    },
    {
      "id": 18,
      "category_id": 1,
      "feed_id": 1,
      "feed_title": "Hacker News",
      "is_read": false,
      "read_date": null,
      "is_read_later": false,
      "link": "https://queue.acm.org/detail.cfm?id=3341158",
      "title": "Must and Must Not: On writing documentation",
      "date": "2019-12-09T14:53:02Z",
      "summary": "Comments",
      "media_link": null,
      "comments_link": "https://news.ycombinator.com/item?id=21743100"
    },
    {
      "id": 17,
      "category_id": 1,
      "feed_id": 1,
      "feed_title": "Hacker News",
      "is_read": false,
      "read_date": null,
      "is_read_later": false,
      "link": "https://git.kernel.org/pub/scm/linux/kernel/git/netdev/net-next.git/commit/?id=e7096c131e5161fa3b8e52a650d7719d2857adfd",
      "title": "WireGuard is in net-next",
      "date": "2019-12-09T08:21:03Z",
      "summary": "Comments",
      "media_link": null,
      "comments_link": "https://news.ycombinator.com/item?id=21741133"
    },
    {
      "id": 16,
      "category_id": 1,
      "feed_id": 1,
      "feed_title": "Hacker News",
      "is_read": false,
      "read_date": null,
      "is_read_later": false,
      "link": "https://www.atlasobscura.com/articles/cool-bar-montana",
      "title": "For Sale: The Only Bar in a 14-Person Montana Town",
      "date": "2019-12-09T19:40:03Z",
      "summary": "Comments",
      "media_link": null,
      "comments_link": "https://news.ycombinator.com/item?id=21745673"
    },
    {
      "id": 15,
      "category_id": 1,
      "feed_id": 1,
      "feed_title": "Hacker News",
      "is_read": false,
      "read_date": null,
      "is_read_later": false,
      "link": "https://www.theatlantic.com/ideas/archive/2019/11/why-child-care-so-expensive/602599",
      "title": "Why Child Care Is So Expensive",
      "date": "2019-12-09T18:41:48Z",
      "summary": "Comments",
      "media_link": null,
      "comments_link": "https://news.ycombinator.com/item?id=21745124"
    },
    {
      "id": 14,
      "category_id": 1,
      "feed_id": 1,
      "feed_title": "Hacker News",
      "is_read": false,
      "read_date": null,
      "is_read_later": false,
      "link": "https://www.bloomberg.com/news/articles/2019-12-08/repo-blowup-was-fueled-by-big-banks-and-hedge-funds-bis-says",
      "title": "Repo Blowup Was Fueled by Big Banks and Hedge Funds, BIS Says",
      "date": "2019-12-09T14:05:49Z",
      "summary": "Comments",
      "media_link": null,
      "comments_link": "https://news.ycombinator.com/item?id=21742702"
    },
    {
      "id": 13,
      "category_id": 1,
      "feed_id": 1,
      "feed_title": "Hacker News",
      "is_read": false,
      "read_date": null,
      "is_read_later": false,
      "link": "https://github.com/infostreams/db",
      "title": "Show HN: Version Control for Databases",
      "date": "2019-12-09T13:06:35Z",
      "summary": "Comments",
      "media_link": null,
      "comments_link": "https://news.ycombinator.com/item?id=21742222"
    },
    {
      "id": 12,
      "category_id": 1,
      "feed_id": 1,
      "feed_title": "Hacker News",
      "is_read": false,
      "read_date": null,
      "is_read_later": false,
      "link": "https://www.wsj.com/articles/five-cities-account-for-vast-majority-of-growth-in-tech-jobs-study-finds-11575867660",
      "title": "Five cities account for vast majority of growth in U.S. tech jobs: study",
      "date": "2019-12-09T14:56:35Z",
      "summary": "Comments",
      "media_link": null,
      "comments_link": "https://news.ycombinator.com/item?id=21743129"
    },
    {
      "id": 11,
      "category_id": 1,
      "feed_id": 1,
      "feed_title": "Hacker News",
      "is_read": false,
      "read_date": null,
      "is_read_later": false,
      "link": "https://github.com/ecaron/smart-nightlight-manager",
      "title": "Show HN: My in-network Node app for controlling my kids' nightlights",
      "date": "2019-12-08T22:52:12Z",
      "summary": "Comments",
      "media_link": null,
      "comments_link": "https://news.ycombinator.com/item?id=21739000"
    },
    {
      "id": 10,
      "category_id": 1,
      "feed_id": 1,
      "feed_title": "Hacker News",
      "is_read": false,
      "read_date": null,
      "is_read_later": false,
      "link": "https://jamesmunns.com/blog/fmt-unreasonably-expensive/",
      "title": "Formatting Is Unreasonably Expensive for Embedded Rust",
      "date": "2019-12-09T15:41:11Z",
      "summary": "Comments",
      "media_link": null,
      "comments_link": "https://news.ycombinator.com/item?id=21743513"
    },
    {
      "id": 9,
      "category_id": 1,
      "feed_id": 1,
      "feed_title": "Hacker News",
      "is_read": false,
      "read_date": null,
      "is_read_later": false,
      "link": "https://fivebooks.com/best-books/science-2019-barbara-kiser/",
      "title": "Science Books of 2019",
      "date": "2019-12-09T17:59:35Z",
      "summary": "Comments",
      "media_link": null,
      "comments_link": "https://news.ycombinator.com/item?id=21744772"
    },
    {
      "id": 8,
      "category_id": 1,
      "feed_id": 1,
      "feed_title": "Hacker News",
      "is_read": false,
      "read_date": null,
      "is_read_later": false,
      "link": "http://web.archive.org/web/20040929041451/http://www.shrovetuesdayobserved.com/flight.html",
      "title": "If All Stories Were Written Like Science Fiction Stories (2004)",
      "date": "2019-12-09T21:05:24Z",
      "summary": "Comments",
      "media_link": null,
      "comments_link": "https://news.ycombinator.com/item?id=21746574"
    },
    {
      "id": 7,
      "category_id": 1,
      "feed_id": 1,
      "feed_title": "Hacker News",
      "is_read": false,
      "read_date": null,
      "is_read_later": false,
      "link": "https://www.thestar.com.my/news/regional/2019/12/09/breaking-news-russia-banned-from-2020-olympics",
      "title": "Russia Banned from 2020 Olympics",
      "date": "2019-12-09T21:16:07Z",
      "summary": "Comments",
      "media_link": null,
      "comments_link": "https://news.ycombinator.com/item?id=21746679"
    },
    {
      "id": 6,
      "category_id": 1,
      "feed_id": 1,
      "feed_title": "Hacker News",
      "is_read": false,
      "read_date": null,
      "is_read_later": false,
      "link": "https://www.bbc.com/news/technology-50713723",
      "title": "E-scooter company goes bust after spending big on Facebook ads",
      "date": "2019-12-09T19:13:16Z",
      "summary": "Comments",
      "media_link": null,
      "comments_link": "https://news.ycombinator.com/item?id=21745389"
    },
    {
      "id": 5,
      "category_id": 1,
      "feed_id": 1,
      "feed_title": "Hacker News",
      "is_read": false,
      "read_date": null,
      "is_read_later": false,
      "link": "https://github.com/Risk3sixty-Labs/geoapi",
      "title": "Show HN: Tiny, fast, and free API to geolocate IP addresses",
      "date": "2019-12-09T12:18:47Z",
      "summary": "Comments",
      "media_link": null,
      "comments_link": "https://news.ycombinator.com/item?id=21741991"
    },
    {
      "id": 4,
      "category_id": 1,
      "feed_id": 1,
      "feed_title": "Hacker News",
      "is_read": false,
      "read_date": null,
      "is_read_later": false,
      "link": "https://www.newyorker.com/magazine/2019/12/16/how-william-gibson-keeps-his-science-fiction-real",
      "title": "How William Gibson Keeps His Science Fiction Real",
      "date": "2019-12-09T18:35:49Z",
      "summary": "Comments",
      "media_link": null,
      "comments_link": "https://news.ycombinator.com/item?id=21745074"
    },
    {
      "id": 3,
      "category_id": 1,
      "feed_id": 1,
      "feed_title": "Hacker News",
      "is_read": false,
      "read_date": null,
      "is_read_later": false,
      "link": "https://www.tmakiguchi.org/geographer/asgeographer/geographyhuman.html",
      "title": "Tsunebaro Makaguchi – Education Through Interest",
      "date": "2019-12-08T06:21:34Z",
      "summary": "Comments",
      "media_link": null,
      "comments_link": "https://news.ycombinator.com/item?id=21734605"
    },
    {
      "id": 2,
      "category_id": 1,
      "feed_id": 1,
      "feed_title": "Hacker News",
      "is_read": false,
      "read_date": null,
      "is_read_later": false,
      "link": "https://www.vitavonni.de/blog/201503/2015031201-the-sad-state-of-sysadmin-in-the-age-of-containers.html",
      "title": "The sad state of sysadmin in the age of containers (2015)",
      "date": "2019-12-09T10:05:26Z",
      "summary": "Comments",
      "media_link": null,
      "comments_link": "https://news.ycombinator.com/item?id=21741504"
    },
    {
      "id": 1,
      "category_id": 1,
      "feed_id": 1,
      "feed_title": "Hacker News",
      "is_read": false,
      "read_date": null,
      "is_read_later": false,
      "link": "https://www.reuters.com/article/us-eu-batteries/eu-approves-3-2-billion-euro-state-aid-for-battery-research-idUSKBN1YD0WJ",
      "title": "EU approves 3.2B euro state aid for battery research",
      "date": "2019-12-09T21:15:22Z",
      "summary": "Comments",
      "media_link": null,
      "comments_link": "https://news.ycombinator.com/item?id=21746673"
    }
  ]
}
