---
source: tests/it_feeds.rs
expression: "conn.find_posts(USER_ID, None, None, None, None,\n                Some(ATOM_JULIA_EVANS)).unwrap()"
---
{
  "has_next_page": false,
  "items": [
    {
      "id": 20,
      "category_id": 2,
      "feed_id": 8,
      "feed_title": "Julia Evans",
      "is_read": false,
      "read_date": null,
      "is_read_later": false,
      "link": "https://jvns.ca/blog/2019/06/23/a-few-debugging-resources/",
      "title": "What does debugging a program look like?",
      "date": "2019-06-23T18:48:35Z",
      "summary": null,
      "media_link": null,
      "comments_link": null
    },
    {
      "id": 19,
      "category_id": 2,
      "feed_id": 8,
      "feed_title": "Julia Evans",
      "is_read": false,
      "read_date": null,
      "is_read_later": false,
      "link": "https://jvns.ca/blog/brag-documents/",
      "title": "Get your work recognized: write a brag document",
      "date": "2019-06-28T18:46:02Z",
      "summary": null,
      "media_link": null,
      "comments_link": null
    },
    {
      "id": 18,
      "category_id": 2,
      "feed_id": 8,
      "feed_title": "Julia Evans",
      "is_read": false,
      "read_date": null,
      "is_read_later": false,
      "link": "https://jvns.ca/blog/2019/08/27/curl-exercises/",
      "title": "curl exercises",
      "date": "2019-08-27T09:29:38Z",
      "summary": null,
      "media_type": "image/*",
      "media_link": "https://jvns.ca/images/curl.jpeg",
      "comments_link": null
    },
    {
      "id": 17,
      "category_id": 2,
      "feed_id": 8,
      "feed_title": "Julia Evans",
      "is_read": false,
      "read_date": null,
      "is_read_later": false,
      "link": "https://jvns.ca/blog/2019/08/30/git-exercises--navigate-a-repository/",
      "title": "git exercises: navigate a repository",
      "date": "2019-08-30T09:25:15Z",
      "summary": null,
      "media_type": "image/*",
      "media_link": "https://wizardzines.com/zines/oh-shit-git/samples/ohshit-commit.png",
      "comments_link": null
    },
    {
      "id": 16,
      "category_id": 2,
      "feed_id": 8,
      "feed_title": "Julia Evans",
      "is_read": false,
      "read_date": null,
      "is_read_later": false,
      "link": "https://jvns.ca/blog/2019/09/01/ways-to-write-zines-without-fancy-tools/",
      "title": "How to write zines with simple tools",
      "date": "2019-09-01T09:02:43Z",
      "summary": null,
      "media_type": "image/*",
      "media_link": "https://jvns.ca/images/drawing-status-codes.png",
      "comments_link": null
    },
    {
      "id": 15,
      "category_id": 2,
      "feed_id": 8,
      "feed_title": "Julia Evans",
      "is_read": false,
      "read_date": null,
      "is_read_later": false,
      "link": "https://jvns.ca/blog/2019/09/06/how-to-put-an-html-page-on-the-internet/",
      "title": "How to put an HTML page on the internet",
      "date": "2019-09-06T15:56:37Z",
      "summary": null,
      "media_link": null,
      "comments_link": null
    },
    {
      "id": 14,
      "category_id": 2,
      "feed_id": 8,
      "feed_title": "Julia Evans",
      "is_read": false,
      "read_date": null,
      "is_read_later": false,
      "link": "https://jvns.ca/blog/2019/09/12/new-zine-on-http/",
      "title": "New zine: HTTP: Learn your browser's language!",
      "date": "2019-09-12T12:13:27Z",
      "summary": null,
      "media_type": "image/*",
      "media_link": "https://jvns.ca/images/http-zine-cover.png",
      "comments_link": null
    },
    {
      "id": 13,
      "category_id": 2,
      "feed_id": 8,
      "feed_title": "Julia Evans",
      "is_read": false,
      "read_date": null,
      "is_read_later": false,
      "link": "https://jvns.ca/blog/2019/09/13/a-year-explaining-computer-things/",
      "title": "Taking a year to explain computer things",
      "date": "2019-09-13T11:05:15Z",
      "summary": null,
      "media_link": null,
      "comments_link": null
    },
    {
      "id": 12,
      "category_id": 2,
      "feed_id": 8,
      "feed_title": "Julia Evans",
      "is_read": false,
      "read_date": null,
      "is_read_later": false,
      "link": "https://jvns.ca/blog/2019/09/30/notes-on-building-sql-exercises/",
      "title": "Notes on building SQL exercises",
      "date": "2019-09-30T12:35:51Z",
      "summary": null,
      "media_type": "image/*",
      "media_link": "https://jvns.ca/images/aggregation-challenge.png",
      "comments_link": null
    },
    {
      "id": 11,
      "category_id": 2,
      "feed_id": 8,
      "feed_title": "Julia Evans",
      "is_read": false,
      "read_date": null,
      "is_read_later": false,
      "link": "https://jvns.ca/blog/2019/10/01/zine-revenue-2019/",
      "title": "Zine revenue for 2019",
      "date": "2019-10-01T12:53:58Z",
      "summary": null,
      "media_type": "image/*",
      "media_link": "https://jvns.ca/images/revenue-by-month.png",
      "comments_link": null
    },
    {
      "id": 10,
      "category_id": 2,
      "feed_id": 8,
      "feed_title": "Julia Evans",
      "is_read": false,
      "read_date": null,
      "is_read_later": false,
      "link": "https://jvns.ca/blog/2019/10/03/sql-queries-don-t-start-with-select/",
      "title": "SQL queries don't start with SELECT",
      "date": "2019-10-03T10:24:53Z",
      "summary": null,
      "media_type": "image/*",
      "media_link": "https://jvns.ca/images/sql-queries.jpeg",
      "comments_link": null
    },
    {
      "id": 9,
      "category_id": 2,
      "feed_id": 8,
      "feed_title": "Julia Evans",
      "is_read": false,
      "read_date": null,
      "is_read_later": false,
      "link": "https://jvns.ca/blog/2019/10/21/print-collection-of-my-first-7-zines/",
      "title": "Your Linux Toolbox: a box set of my free zines",
      "date": "2019-10-21T16:15:19Z",
      "summary": null,
      "media_type": "image/*",
      "media_link": "https://jvns.ca/images/toolbox-inbox.jpeg",
      "comments_link": null
    },
    {
      "id": 8,
      "category_id": 2,
      "feed_id": 8,
      "feed_title": "Julia Evans",
      "is_read": false,
      "read_date": null,
      "is_read_later": false,
      "link": "https://jvns.ca/blog/2019/10/28/sqlite-is-really-easy-to-compile/",
      "title": "SQLite is really easy to compile",
      "date": "2019-10-28T11:19:19Z",
      "summary": null,
      "media_link": null,
      "comments_link": null
    },
    {
      "id": 7,
      "category_id": 2,
      "feed_id": 8,
      "feed_title": "Julia Evans",
      "is_read": false,
      "read_date": null,
      "is_read_later": false,
      "link": "https://jvns.ca/blog/2019/10/28/some-research-on-shipping-print-zines/",
      "title": "Some research on shipping print zines",
      "date": "2019-10-29T10:51:14Z",
      "summary": null,
      "media_link": null,
      "comments_link": null
    },
    {
      "id": 6,
      "category_id": 2,
      "feed_id": 8,
      "feed_title": "Julia Evans",
      "is_read": false,
      "read_date": null,
      "is_read_later": false,
      "link": "https://jvns.ca/blog/2019/11/18/some-notes-on-vector-drawing-apps/",
      "title": "Some notes on vector drawing apps",
      "date": "2019-11-18T10:47:41Z",
      "summary": null,
      "media_type": "image/*",
      "media_link": "https://jvns.ca/images/notability.jpg",
      "comments_link": null
    },
    {
      "id": 5,
      "category_id": 2,
      "feed_id": 8,
      "feed_title": "Julia Evans",
      "is_read": false,
      "read_date": null,
      "is_read_later": false,
      "link": "https://jvns.ca/blog/2019/11/18/how-containers-work--overlayfs/",
      "title": "How containers work: overlayfs",
      "date": "2019-11-18T13:34:29Z",
      "summary": null,
      "media_type": "image/*",
      "media_link": "https://jvns.ca/images/overlay.jpeg",
      "comments_link": null
    },
    {
      "id": 4,
      "category_id": 2,
      "feed_id": 8,
      "feed_title": "Julia Evans",
      "is_read": false,
      "read_date": null,
      "is_read_later": false,
      "link": "https://jvns.ca/blog/2019/11/20/what-makes-a-programming-exercise-good/",
      "title": "What makes a programming exercise good?",
      "date": "2019-11-20T20:33:20Z",
      "summary": null,
      "media_link": null,
      "comments_link": null
    },
    {
      "id": 3,
      "category_id": 2,
      "feed_id": 8,
      "feed_title": "Julia Evans",
      "is_read": false,
      "read_date": null,
      "is_read_later": false,
      "link": "https://jvns.ca/blog/2019/11/25/challenge--make-a-bouncy-window-manager/",
      "title": "Challenge: Write a bouncy window manager",
      "date": "2019-11-25T18:03:40Z",
      "summary": null,
      "media_type": "image/*",
      "media_link": "https://jvns.ca/images/bouncewm.gif",
      "comments_link": null
    },
    {
      "id": 2,
      "category_id": 2,
      "feed_id": 8,
      "feed_title": "Julia Evans",
      "is_read": false,
      "read_date": null,
      "is_read_later": false,
      "link": "https://jvns.ca/blog/2019/12/03/solutions-to-the-tiny-window-manager-challenge/",
      "title": "Solutions to the tiny window manager challenge",
      "date": "2019-12-03T14:57:10Z",
      "summary": null,
      "media_type": "image/*",
      "media_link": "https://jvns.ca/images/bouncewm.gif",
      "comments_link": null
    },
    {
      "id": 1,
      "category_id": 2,
      "feed_id": 8,
      "feed_title": "Julia Evans",
      "is_read": false,
      "read_date": null,
      "is_read_later": false,
      "link": "https://jvns.ca/blog/twitter-memes-challenge/",
      "title": "Challenge: find Twitter memes with suffix arrays",
      "date": "2019-12-05T10:41:54Z",
      "summary": null,
      "media_link": null,
      "comments_link": null
    }
  ]
}
